// Jest Snapshot v1, https://goo.gl/fbAQLP

exports[`should render ExpenseList with expenses 1`] = `
ShallowWrapper {
  "length": 1,
  Symbol(enzyme.__root__): [Circular],
  Symbol(enzyme.__unrendered__): <ExpenseList
    expenses={
        Array [
            Object {
              "amount": 195,
              "createdAt": 5000,
              "description": "Gum",
              "id": "1",
              "note": "good",
            },
            Object {
              "amount": 109500,
              "createdAt": -345600000,
              "description": "Rent",
              "id": "2",
              "note": "cost",
            },
            Object {
              "amount": 7600,
              "createdAt": 345600000,
              "description": "Credit Card",
              "id": "3",
              "note": "for payments",
            },
          ]
    }
/>,
  Symbol(enzyme.__renderer__): Object {
    "batchedUpdates": [Function],
    "getNode": [Function],
    "render": [Function],
    "simulateEvent": [Function],
    "unmount": [Function],
  },
  Symbol(enzyme.__node__): Object {
    "instance": null,
    "key": undefined,
    "nodeType": "host",
    "props": Object {
      "children": Array [
        <h1>
          Expense List
</h1>,
        Array [
          <ExpenseListItem
            amount={195}
            createdAt={5000}
            description="Gum"
            id="1"
            note="good"
/>,
          <ExpenseListItem
            amount={109500}
            createdAt={-345600000}
            description="Rent"
            id="2"
            note="cost"
/>,
          <ExpenseListItem
            amount={7600}
            createdAt={345600000}
            description="Credit Card"
            id="3"
            note="for payments"
/>,
        ],
      ],
    },
    "ref": null,
    "rendered": Array [
      Object {
        "instance": null,
        "key": undefined,
        "nodeType": "host",
        "props": Object {
          "children": "Expense List",
        },
        "ref": null,
        "rendered": "Expense List",
        "type": "h1",
      },
      Object {
        "instance": null,
        "key": "1",
        "nodeType": "function",
        "props": Object {
          "amount": 195,
          "createdAt": 5000,
          "description": "Gum",
          "id": "1",
          "note": "good",
        },
        "ref": null,
        "rendered": null,
        "type": [Function],
      },
      Object {
        "instance": null,
        "key": "2",
        "nodeType": "function",
        "props": Object {
          "amount": 109500,
          "createdAt": -345600000,
          "description": "Rent",
          "id": "2",
          "note": "cost",
        },
        "ref": null,
        "rendered": null,
        "type": [Function],
      },
      Object {
        "instance": null,
        "key": "3",
        "nodeType": "function",
        "props": Object {
          "amount": 7600,
          "createdAt": 345600000,
          "description": "Credit Card",
          "id": "3",
          "note": "for payments",
        },
        "ref": null,
        "rendered": null,
        "type": [Function],
      },
    ],
    "type": "div",
  },
  Symbol(enzyme.__nodes__): Array [
    Object {
      "instance": null,
      "key": undefined,
      "nodeType": "host",
      "props": Object {
        "children": Array [
          <h1>
            Expense List
</h1>,
          Array [
            <ExpenseListItem
              amount={195}
              createdAt={5000}
              description="Gum"
              id="1"
              note="good"
/>,
            <ExpenseListItem
              amount={109500}
              createdAt={-345600000}
              description="Rent"
              id="2"
              note="cost"
/>,
            <ExpenseListItem
              amount={7600}
              createdAt={345600000}
              description="Credit Card"
              id="3"
              note="for payments"
/>,
          ],
        ],
      },
      "ref": null,
      "rendered": Array [
        Object {
          "instance": null,
          "key": undefined,
          "nodeType": "host",
          "props": Object {
            "children": "Expense List",
          },
          "ref": null,
          "rendered": "Expense List",
          "type": "h1",
        },
        Object {
          "instance": null,
          "key": "1",
          "nodeType": "function",
          "props": Object {
            "amount": 195,
            "createdAt": 5000,
            "description": "Gum",
            "id": "1",
            "note": "good",
          },
          "ref": null,
          "rendered": null,
          "type": [Function],
        },
        Object {
          "instance": null,
          "key": "2",
          "nodeType": "function",
          "props": Object {
            "amount": 109500,
            "createdAt": -345600000,
            "description": "Rent",
            "id": "2",
            "note": "cost",
          },
          "ref": null,
          "rendered": null,
          "type": [Function],
        },
        Object {
          "instance": null,
          "key": "3",
          "nodeType": "function",
          "props": Object {
            "amount": 7600,
            "createdAt": 345600000,
            "description": "Credit Card",
            "id": "3",
            "note": "for payments",
          },
          "ref": null,
          "rendered": null,
          "type": [Function],
        },
      ],
      "type": "div",
    },
  ],
  Symbol(enzyme.__options__): Object {
    "adapter": ReactSixteenAdapter {
      "options": Object {
        "enableComponentDidUpdateOnSetState": true,
      },
    },
  },
}
`;
